Archive member included because of file (symbol)

/Users/Sean/Workspace/STM32F4/STM32F4_Templates/Barebones_MacOSX/lib/STM32F4xx_StdPeriph_Driver/libstdperiph.a(stm32f4xx_rcc.o)
                              /Users/Sean/Workspace/STM32F4/STM32F4_Templates/Barebones_MacOSX/build/main.o (RCC_AHB1PeriphClockCmd)
/Users/Sean/Workspace/STM32F4/STM32F4_Templates/Barebones_MacOSX/lib/STM32F4xx_StdPeriph_Driver/libstdperiph.a(stm32f4xx_gpio.o)
                              /Users/Sean/Workspace/STM32F4/STM32F4_Templates/Barebones_MacOSX/build/main.o (GPIO_Init)

Allocating common symbols
Common symbol       size              file

msTicks             0x4               /Users/Sean/Workspace/STM32F4/STM32F4_Templates/Barebones_MacOSX/build/main.o

Discarded input sections

 .data          0x0000000000000000        0x0 /Users/Sean/Workspace/STM32F4/STM32F4_Templates/Barebones_MacOSX/build/main.o
 .bss           0x0000000000000000        0x0 /Users/Sean/Workspace/STM32F4/STM32F4_Templates/Barebones_MacOSX/build/main.o
 .data          0x0000000000000000        0x0 /Users/Sean/Workspace/STM32F4/STM32F4_Templates/Barebones_MacOSX/build/startup_stm32f4xx.o
 .bss           0x0000000000000000        0x0 /Users/Sean/Workspace/STM32F4/STM32F4_Templates/Barebones_MacOSX/build/startup_stm32f4xx.o
 .data          0x0000000000000000        0x0 /Users/Sean/Workspace/STM32F4/STM32F4_Templates/Barebones_MacOSX/build/stm32f4xx_it.o
 .bss           0x0000000000000000        0x0 /Users/Sean/Workspace/STM32F4/STM32F4_Templates/Barebones_MacOSX/build/stm32f4xx_it.o
 .bss           0x0000000000000000        0x0 /Users/Sean/Workspace/STM32F4/STM32F4_Templates/Barebones_MacOSX/build/system_stm32f4xx.o
 .text          0x0000000000000000       0x18 /Users/Sean/Workspace/STM32F4/STM32F4_Templates/Barebones_MacOSX/build/CortexM4asmOps.o
 .data          0x0000000000000000        0x0 /Users/Sean/Workspace/STM32F4/STM32F4_Templates/Barebones_MacOSX/build/CortexM4asmOps.o
 .bss           0x0000000000000000        0x0 /Users/Sean/Workspace/STM32F4/STM32F4_Templates/Barebones_MacOSX/build/CortexM4asmOps.o
 .ARM.attributes
                0x0000000000000000       0x21 /Users/Sean/Workspace/STM32F4/STM32F4_Templates/Barebones_MacOSX/build/CortexM4asmOps.o
 .bss           0x0000000000000000        0x0 /Users/Sean/Workspace/STM32F4/STM32F4_Templates/Barebones_MacOSX/lib/STM32F4xx_StdPeriph_Driver/libstdperiph.a(stm32f4xx_rcc.o)
 .data          0x0000000000000000        0x0 /Users/Sean/Workspace/STM32F4/STM32F4_Templates/Barebones_MacOSX/lib/STM32F4xx_StdPeriph_Driver/libstdperiph.a(stm32f4xx_gpio.o)
 .bss           0x0000000000000000        0x0 /Users/Sean/Workspace/STM32F4/STM32F4_Templates/Barebones_MacOSX/lib/STM32F4xx_StdPeriph_Driver/libstdperiph.a(stm32f4xx_gpio.o)

Memory Configuration

Name             Origin             Length             Attributes
FLASH            0x0000000008000000 0x0000000000100000 xr
RAM              0x0000000020000000 0x0000000000020000 xrw
CCM              0x0000000010000000 0x0000000000010000 xrw
*default*        0x0000000000000000 0xffffffffffffffff

Linker script and memory map

LOAD /Users/Sean/Workspace/STM32F4/STM32F4_Templates/Barebones_MacOSX/build/main.o
LOAD /Users/Sean/Workspace/STM32F4/STM32F4_Templates/Barebones_MacOSX/build/startup_stm32f4xx.o
LOAD /Users/Sean/Workspace/STM32F4/STM32F4_Templates/Barebones_MacOSX/build/stm32f4xx_it.o
LOAD /Users/Sean/Workspace/STM32F4/STM32F4_Templates/Barebones_MacOSX/build/system_stm32f4xx.o
LOAD /Users/Sean/Workspace/STM32F4/STM32F4_Templates/Barebones_MacOSX/build/CortexM4asmOps.o
LOAD /Users/Sean/Workspace/STM32F4/STM32F4_Templates/Barebones_MacOSX/lib/STM32F4xx_StdPeriph_Driver/libstdperiph.a
LOAD /usr/local/Cellar/gcc-arm-none-eabi-49/20150925/bin/../lib/gcc/arm-none-eabi/4.9.3/../../../../arm-none-eabi/lib/armv7e-m/libc_nano.a
LOAD /usr/local/Cellar/gcc-arm-none-eabi-49/20150925/bin/../lib/gcc/arm-none-eabi/4.9.3/armv7e-m/libgcc.a
LOAD /usr/local/Cellar/gcc-arm-none-eabi-49/20150925/bin/../lib/gcc/arm-none-eabi/4.9.3/../../../../arm-none-eabi/lib/armv7e-m/libnosys.a
START GROUP
LOAD /usr/local/Cellar/gcc-arm-none-eabi-49/20150925/bin/../lib/gcc/arm-none-eabi/4.9.3/armv7e-m/libgcc.a
LOAD /usr/local/Cellar/gcc-arm-none-eabi-49/20150925/bin/../lib/gcc/arm-none-eabi/4.9.3/../../../../arm-none-eabi/lib/armv7e-m/libc_nano.a
END GROUP
START GROUP
LOAD /usr/local/Cellar/gcc-arm-none-eabi-49/20150925/bin/../lib/gcc/arm-none-eabi/4.9.3/armv7e-m/libgcc.a
LOAD /usr/local/Cellar/gcc-arm-none-eabi-49/20150925/bin/../lib/gcc/arm-none-eabi/4.9.3/../../../../arm-none-eabi/lib/armv7e-m/libc_nano.a
END GROUP
                0x0000000020020000                _estack = 0x20020000
                0x0000000000000000                _Min_Heap_Size = 0x0
                0x0000000000000400                _Min_Stack_Size = 0x400

.isr_vector     0x0000000008000000      0x188
                0x0000000008000000                . = ALIGN (0x4)
 *(.isr_vector)
 .isr_vector    0x0000000008000000      0x188 /Users/Sean/Workspace/STM32F4/STM32F4_Templates/Barebones_MacOSX/build/startup_stm32f4xx.o
                0x0000000008000000                g_pfnVectors
                0x0000000008000188                . = ALIGN (0x4)

.text           0x0000000008000188      0xbd0
                0x0000000008000188                . = ALIGN (0x4)
 *(.text)
 .text          0x0000000008000188       0xc4 /Users/Sean/Workspace/STM32F4/STM32F4_Templates/Barebones_MacOSX/build/main.o
                0x0000000008000188                SysTick_Handler
                0x0000000008000198                setSysTick
                0x00000000080001dc                init_GPIO
                0x0000000008000214                init_GPIOA
 .text          0x000000000800024c       0x74 /Users/Sean/Workspace/STM32F4/STM32F4_Templates/Barebones_MacOSX/build/startup_stm32f4xx.o
                0x000000000800024c                DMA1_Stream3_IRQHandler
                0x000000000800024c                HASH_RNG_IRQHandler
                0x000000000800024c                EXTI2_IRQHandler
                0x000000000800024c                TIM8_CC_IRQHandler
                0x000000000800024c                DebugMon_Handler
                0x000000000800024c                TIM1_CC_IRQHandler
                0x000000000800024c                DMA2_Stream5_IRQHandler
                0x000000000800024c                DMA1_Stream5_IRQHandler
                0x000000000800024c                PVD_IRQHandler
                0x000000000800024c                SDIO_IRQHandler
                0x000000000800024c                TAMP_STAMP_IRQHandler
                0x000000000800024c                PendSV_Handler
                0x000000000800024c                CAN2_RX1_IRQHandler
                0x000000000800024c                EXTI3_IRQHandler
                0x000000000800024c                TIM8_TRG_COM_TIM14_IRQHandler
                0x000000000800024c                TIM1_UP_TIM10_IRQHandler
                0x000000000800024c                TIM8_UP_TIM13_IRQHandler
                0x000000000800024c                I2C3_ER_IRQHandler
                0x000000000800024c                EXTI0_IRQHandler
                0x000000000800024c                I2C2_EV_IRQHandler
                0x000000000800024c                DMA1_Stream2_IRQHandler
                0x000000000800024c                CAN1_RX0_IRQHandler
                0x000000000800024c                FPU_IRQHandler
                0x000000000800024c                OTG_HS_WKUP_IRQHandler
                0x000000000800024c                UsageFault_Handler
                0x000000000800024c                CAN2_SCE_IRQHandler
                0x000000000800024c                DMA2_Stream2_IRQHandler
                0x000000000800024c                SPI1_IRQHandler
                0x000000000800024c                TIM6_DAC_IRQHandler
                0x000000000800024c                TIM1_BRK_TIM9_IRQHandler
                0x000000000800024c                DCMI_IRQHandler
                0x000000000800024c                CAN2_RX0_IRQHandler
                0x000000000800024c                DMA2_Stream3_IRQHandler
                0x000000000800024c                USART6_IRQHandler
                0x000000000800024c                USART3_IRQHandler
                0x000000000800024c                CRYP_IRQHandler
                0x000000000800024c                RTC_Alarm_IRQHandler
                0x000000000800024c                CAN1_RX1_IRQHandler
                0x000000000800024c                UART5_IRQHandler
                0x000000000800024c                DMA2_Stream0_IRQHandler
                0x000000000800024c                TIM4_IRQHandler
                0x000000000800024c                I2C1_EV_IRQHandler
                0x000000000800024c                DMA1_Stream6_IRQHandler
                0x000000000800024c                DMA1_Stream1_IRQHandler
                0x000000000800024c                UART4_IRQHandler
                0x000000000800024c                TIM3_IRQHandler
                0x000000000800024c                RCC_IRQHandler
                0x000000000800024c                TIM8_BRK_TIM12_IRQHandler
                0x000000000800024c                Default_Handler
                0x000000000800024c                EXTI15_10_IRQHandler
                0x000000000800024c                ADC_IRQHandler
                0x000000000800024c                DMA1_Stream7_IRQHandler
                0x000000000800024c                TIM7_IRQHandler
                0x000000000800024c                CAN2_TX_IRQHandler
                0x000000000800024c                TIM5_IRQHandler
                0x000000000800024c                DMA2_Stream7_IRQHandler
                0x000000000800024c                I2C3_EV_IRQHandler
                0x000000000800024c                EXTI9_5_IRQHandler
                0x000000000800024c                RTC_WKUP_IRQHandler
                0x000000000800024c                ETH_WKUP_IRQHandler
                0x000000000800024c                SPI2_IRQHandler
                0x000000000800024c                OTG_HS_EP1_IN_IRQHandler
                0x000000000800024c                MemManage_Handler
                0x000000000800024c                DMA1_Stream0_IRQHandler
                0x000000000800024c                CAN1_TX_IRQHandler
                0x000000000800024c                SVC_Handler
                0x000000000800024c                EXTI4_IRQHandler
                0x000000000800024c                FSMC_IRQHandler
                0x000000000800024c                ETH_IRQHandler
                0x000000000800024c                OTG_HS_EP1_OUT_IRQHandler
                0x000000000800024c                WWDG_IRQHandler
                0x000000000800024c                TIM2_IRQHandler
                0x000000000800024c                OTG_FS_WKUP_IRQHandler
                0x000000000800024c                TIM1_TRG_COM_TIM11_IRQHandler
                0x000000000800024c                OTG_HS_IRQHandler
                0x000000000800024c                EXTI1_IRQHandler
                0x000000000800024c                USART2_IRQHandler
                0x000000000800024c                I2C2_ER_IRQHandler
                0x000000000800024c                DMA2_Stream1_IRQHandler
                0x000000000800024c                CAN1_SCE_IRQHandler
                0x000000000800024c                FLASH_IRQHandler
                0x000000000800024c                DMA2_Stream4_IRQHandler
                0x000000000800024c                BusFault_Handler
                0x000000000800024c                USART1_IRQHandler
                0x000000000800024c                OTG_FS_IRQHandler
                0x000000000800024c                SPI3_IRQHandler
                0x000000000800024c                DMA1_Stream4_IRQHandler
                0x000000000800024c                I2C1_ER_IRQHandler
                0x000000000800024c                DMA2_Stream6_IRQHandler
                0x0000000008000250                Reset_Handler
 .text          0x00000000080002c0       0x24 /Users/Sean/Workspace/STM32F4/STM32F4_Templates/Barebones_MacOSX/build/stm32f4xx_it.o
                0x00000000080002c0                NMI_Handler
                0x00000000080002c4                HardFault_Handler
 .text          0x00000000080002e4      0x168 /Users/Sean/Workspace/STM32F4/STM32F4_Templates/Barebones_MacOSX/build/system_stm32f4xx.o
                0x00000000080002e4                SystemInit
                0x00000000080003d8                SystemCoreClockUpdate
 .text          0x000000000800044c      0x540 /Users/Sean/Workspace/STM32F4/STM32F4_Templates/Barebones_MacOSX/lib/STM32F4xx_StdPeriph_Driver/libstdperiph.a(stm32f4xx_rcc.o)
                0x000000000800044c                RCC_DeInit
                0x000000000800049c                RCC_HSEConfig
                0x00000000080004ac                RCC_WaitForHSEStartUp
                0x00000000080004e0                RCC_AdjustHSICalibrationValue
                0x00000000080004f4                RCC_HSICmd
                0x0000000008000500                RCC_LSEConfig
                0x0000000008000520                RCC_LSICmd
                0x000000000800052c                RCC_PLLConfig
                0x0000000008000550                RCC_PLLCmd
                0x000000000800055c                RCC_PLLI2SConfig
                0x0000000008000570                RCC_PLLI2SCmd
                0x000000000800057c                RCC_PLLSAIConfig
                0x0000000008000594                RCC_PLLSAICmd
                0x00000000080005a0                RCC_ClockSecuritySystemCmd
                0x00000000080005ac                RCC_MCO1Config
                0x00000000080005c0                RCC_MCO2Config
                0x00000000080005d4                RCC_SYSCLKConfig
                0x00000000080005e8                RCC_GetSYSCLKSource
                0x00000000080005f8                RCC_HCLKConfig
                0x000000000800060c                RCC_PCLK1Config
                0x0000000008000620                RCC_PCLK2Config
                0x0000000008000634                RCC_GetClocksFreq
                0x00000000080006cc                RCC_RTCCLKConfig
                0x00000000080006fc                RCC_RTCCLKCmd
                0x0000000008000708                RCC_BackupResetCmd
                0x0000000008000714                RCC_I2SCLKConfig
                0x0000000008000720                RCC_SAIPLLI2SClkDivConfig
                0x0000000008000738                RCC_SAIPLLSAIClkDivConfig
                0x0000000008000754                RCC_SAIBlockACLKConfig
                0x000000000800076c                RCC_SAIBlockBCLKConfig
                0x0000000008000784                RCC_LTDCCLKDivConfig
                0x000000000800079c                RCC_TIMCLKPresConfig
                0x00000000080007a8                RCC_AHB1PeriphClockCmd
                0x00000000080007c0                RCC_AHB2PeriphClockCmd
                0x00000000080007d8                RCC_AHB3PeriphClockCmd
                0x00000000080007f0                RCC_APB1PeriphClockCmd
                0x0000000008000808                RCC_APB2PeriphClockCmd
                0x0000000008000820                RCC_AHB1PeriphResetCmd
                0x0000000008000838                RCC_AHB2PeriphResetCmd
                0x0000000008000850                RCC_AHB3PeriphResetCmd
                0x0000000008000868                RCC_APB1PeriphResetCmd
                0x0000000008000880                RCC_APB2PeriphResetCmd
                0x0000000008000898                RCC_AHB1PeriphClockLPModeCmd
                0x00000000080008b0                RCC_AHB2PeriphClockLPModeCmd
                0x00000000080008c8                RCC_AHB3PeriphClockLPModeCmd
                0x00000000080008e0                RCC_APB1PeriphClockLPModeCmd
                0x00000000080008f8                RCC_APB2PeriphClockLPModeCmd
                0x0000000008000910                RCC_ITConfig
                0x0000000008000928                RCC_GetFlagStatus
                0x000000000800095c                RCC_ClearFlag
                0x000000000800096c                RCC_GetITStatus
                0x0000000008000980                RCC_ClearITPendingBit
 .text          0x000000000800098c      0x2b8 /Users/Sean/Workspace/STM32F4/STM32F4_Templates/Barebones_MacOSX/lib/STM32F4xx_StdPeriph_Driver/libstdperiph.a(stm32f4xx_gpio.o)
                0x000000000800098c                GPIO_DeInit
                0x0000000008000ae8                GPIO_Init
                0x0000000008000b9c                GPIO_StructInit
                0x0000000008000bb0                GPIO_PinLockConfig
                0x0000000008000bd4                GPIO_ReadInputDataBit
                0x0000000008000be0                GPIO_ReadInputData
                0x0000000008000be8                GPIO_ReadOutputDataBit
                0x0000000008000bf4                GPIO_ReadOutputData
                0x0000000008000bfc                GPIO_SetBits
                0x0000000008000c00                GPIO_ResetBits
                0x0000000008000c04                GPIO_WriteBit
                0x0000000008000c10                GPIO_Write
                0x0000000008000c14                GPIO_ToggleBits
                0x0000000008000c1c                GPIO_PinAFConfig
 *(.text*)
 .text.startup  0x0000000008000c44      0x114 /Users/Sean/Workspace/STM32F4/STM32F4_Templates/Barebones_MacOSX/build/main.o
                0x0000000008000c44                main
 *(.rodata)
 *(.rodata*)
 *(.glue_7)
 .glue_7        0x0000000000000000        0x0 linker stubs
 *(.glue_7t)
 .glue_7t       0x0000000000000000        0x0 linker stubs
 *(.eh_frame)
 *(.init)
 *(.fini)
                0x0000000008000d58                . = ALIGN (0x4)
                0x0000000008000d58                _etext = .
                0x0000000008000d58                _exit = .

.vfp11_veneer   0x0000000008000d58        0x0
 .vfp11_veneer  0x0000000000000000        0x0 linker stubs

.v4_bx          0x0000000008000d58        0x0
 .v4_bx         0x0000000000000000        0x0 linker stubs

.iplt           0x0000000008000d58        0x0
 .iplt          0x0000000000000000        0x0 /Users/Sean/Workspace/STM32F4/STM32F4_Templates/Barebones_MacOSX/build/main.o

.rel.dyn        0x0000000008000d58        0x0
 .rel.iplt      0x0000000000000000        0x0 /Users/Sean/Workspace/STM32F4/STM32F4_Templates/Barebones_MacOSX/build/main.o

.ARM.extab
 *(.ARM.extab* .gnu.linkonce.armextab.*)

.ARM            0x0000000008000d58        0x0
                0x0000000008000d58                __exidx_start = .
 *(.ARM.exidx*)
                0x0000000008000d58                __exidx_end = .

.preinit_array  0x0000000008000d58        0x0
                0x0000000008000d58                PROVIDE (__preinit_array_start, .)
 *(.preinit_array*)
                0x0000000008000d58                PROVIDE (__preinit_array_end, .)

.init_array     0x0000000008000d58        0x0
                0x0000000008000d58                PROVIDE (__init_array_start, .)
 *(SORT(.init_array.*))
 *(.init_array*)
                0x0000000008000d58                PROVIDE (__init_array_end, .)

.fini_array     0x0000000008000d58        0x0
                0x0000000008000d58                PROVIDE (__fini_array_start, .)
 *(.fini_array*)
 *(SORT(.fini_array.*))
                0x0000000008000d58                PROVIDE (__fini_array_end, .)
                0x0000000008000d58                __sidata = .

.data           0x0000000020000000       0x24 load address 0x0000000008000d58
                0x0000000020000000                . = ALIGN (0x4)
                0x0000000020000000                _sdata = .
                0x0000000020000000                __data_start__ = _sdata
 *(.data)
 .data          0x0000000020000000       0x14 /Users/Sean/Workspace/STM32F4/STM32F4_Templates/Barebones_MacOSX/build/system_stm32f4xx.o
                0x0000000020000000                AHBPrescTable
                0x0000000020000010                SystemCoreClock
 .data          0x0000000020000014       0x10 /Users/Sean/Workspace/STM32F4/STM32F4_Templates/Barebones_MacOSX/lib/STM32F4xx_StdPeriph_Driver/libstdperiph.a(stm32f4xx_rcc.o)
 *(.data*)
                0x0000000020000024                . = ALIGN (0x4)
                0x0000000020000024                _edata = .
                0x0000000020000024                __data_end__ = _edata

.igot.plt       0x0000000020000024        0x0 load address 0x0000000008000d7c
 .igot.plt      0x0000000000000000        0x0 /Users/Sean/Workspace/STM32F4/STM32F4_Templates/Barebones_MacOSX/build/main.o
                0x0000000020000024                . = ALIGN (0x4)

.bss            0x0000000020000024        0x4 load address 0x0000000008000d7c
                0x0000000020000024                _sbss = .
                0x0000000020000024                __bss_start__ = _sbss
 *(.bss)
 *(.bss*)
 *(COMMON)
 COMMON         0x0000000020000024        0x4 /Users/Sean/Workspace/STM32F4/STM32F4_Templates/Barebones_MacOSX/build/main.o
                0x0000000020000024                msTicks
                0x0000000020000028                . = ALIGN (0x4)
                0x0000000020000028                _ebss = .
                0x0000000020000028                __bss_end__ = _ebss

._user_heap_stack
                0x0000000020000028      0x400 load address 0x0000000008000d80
                0x0000000020000028                . = ALIGN (0x4)
                0x0000000020000028                PROVIDE (end, .)
                0x0000000020000028                PROVIDE (_end, .)
                0x0000000020000028                . = (. + _Min_Heap_Size)
                0x0000000020000428                . = (. + _Min_Stack_Size)
 *fill*         0x0000000020000028      0x400 
                0x0000000020000428                . = ALIGN (0x4)
OUTPUT(/Users/Sean/Workspace/STM32F4/STM32F4_Templates/Barebones_MacOSX/build/blinky.elf elf32-littlearm)

.debug_info     0x0000000000000000     0x2ad8
 .debug_info    0x0000000000000000      0xbfc /Users/Sean/Workspace/STM32F4/STM32F4_Templates/Barebones_MacOSX/build/main.o
 .debug_info    0x0000000000000bfc      0x11d /Users/Sean/Workspace/STM32F4/STM32F4_Templates/Barebones_MacOSX/build/startup_stm32f4xx.o
 .debug_info    0x0000000000000d19      0x133 /Users/Sean/Workspace/STM32F4/STM32F4_Templates/Barebones_MacOSX/build/stm32f4xx_it.o
 .debug_info    0x0000000000000e4c      0x5e2 /Users/Sean/Workspace/STM32F4/STM32F4_Templates/Barebones_MacOSX/build/system_stm32f4xx.o
 .debug_info    0x000000000000142e      0xe91 /Users/Sean/Workspace/STM32F4/STM32F4_Templates/Barebones_MacOSX/lib/STM32F4xx_StdPeriph_Driver/libstdperiph.a(stm32f4xx_rcc.o)
 .debug_info    0x00000000000022bf      0x819 /Users/Sean/Workspace/STM32F4/STM32F4_Templates/Barebones_MacOSX/lib/STM32F4xx_StdPeriph_Driver/libstdperiph.a(stm32f4xx_gpio.o)

.debug_abbrev   0x0000000000000000      0x9cb
 .debug_abbrev  0x0000000000000000      0x2e2 /Users/Sean/Workspace/STM32F4/STM32F4_Templates/Barebones_MacOSX/build/main.o
 .debug_abbrev  0x00000000000002e2       0xe5 /Users/Sean/Workspace/STM32F4/STM32F4_Templates/Barebones_MacOSX/build/startup_stm32f4xx.o
 .debug_abbrev  0x00000000000003c7       0x67 /Users/Sean/Workspace/STM32F4/STM32F4_Templates/Barebones_MacOSX/build/stm32f4xx_it.o
 .debug_abbrev  0x000000000000042e      0x145 /Users/Sean/Workspace/STM32F4/STM32F4_Templates/Barebones_MacOSX/build/system_stm32f4xx.o
 .debug_abbrev  0x0000000000000573      0x260 /Users/Sean/Workspace/STM32F4/STM32F4_Templates/Barebones_MacOSX/lib/STM32F4xx_StdPeriph_Driver/libstdperiph.a(stm32f4xx_rcc.o)
 .debug_abbrev  0x00000000000007d3      0x1f8 /Users/Sean/Workspace/STM32F4/STM32F4_Templates/Barebones_MacOSX/lib/STM32F4xx_StdPeriph_Driver/libstdperiph.a(stm32f4xx_gpio.o)

.debug_loc      0x0000000000000000     0x1471
 .debug_loc     0x0000000000000000      0x200 /Users/Sean/Workspace/STM32F4/STM32F4_Templates/Barebones_MacOSX/build/main.o
 .debug_loc     0x0000000000000200       0x3e /Users/Sean/Workspace/STM32F4/STM32F4_Templates/Barebones_MacOSX/build/startup_stm32f4xx.o
 .debug_loc     0x000000000000023e      0x13f /Users/Sean/Workspace/STM32F4/STM32F4_Templates/Barebones_MacOSX/build/system_stm32f4xx.o
 .debug_loc     0x000000000000037d      0xd3c /Users/Sean/Workspace/STM32F4/STM32F4_Templates/Barebones_MacOSX/lib/STM32F4xx_StdPeriph_Driver/libstdperiph.a(stm32f4xx_rcc.o)
 .debug_loc     0x00000000000010b9      0x3b8 /Users/Sean/Workspace/STM32F4/STM32F4_Templates/Barebones_MacOSX/lib/STM32F4xx_StdPeriph_Driver/libstdperiph.a(stm32f4xx_gpio.o)

.debug_aranges  0x0000000000000000       0xc8
 .debug_aranges
                0x0000000000000000       0x28 /Users/Sean/Workspace/STM32F4/STM32F4_Templates/Barebones_MacOSX/build/main.o
 .debug_aranges
                0x0000000000000028       0x20 /Users/Sean/Workspace/STM32F4/STM32F4_Templates/Barebones_MacOSX/build/startup_stm32f4xx.o
 .debug_aranges
                0x0000000000000048       0x20 /Users/Sean/Workspace/STM32F4/STM32F4_Templates/Barebones_MacOSX/build/stm32f4xx_it.o
 .debug_aranges
                0x0000000000000068       0x20 /Users/Sean/Workspace/STM32F4/STM32F4_Templates/Barebones_MacOSX/build/system_stm32f4xx.o
 .debug_aranges
                0x0000000000000088       0x20 /Users/Sean/Workspace/STM32F4/STM32F4_Templates/Barebones_MacOSX/lib/STM32F4xx_StdPeriph_Driver/libstdperiph.a(stm32f4xx_rcc.o)
 .debug_aranges
                0x00000000000000a8       0x20 /Users/Sean/Workspace/STM32F4/STM32F4_Templates/Barebones_MacOSX/lib/STM32F4xx_StdPeriph_Driver/libstdperiph.a(stm32f4xx_gpio.o)

.debug_ranges   0x0000000000000000      0x100
 .debug_ranges  0x0000000000000000       0xc8 /Users/Sean/Workspace/STM32F4/STM32F4_Templates/Barebones_MacOSX/build/main.o
 .debug_ranges  0x00000000000000c8       0x18 /Users/Sean/Workspace/STM32F4/STM32F4_Templates/Barebones_MacOSX/build/system_stm32f4xx.o
 .debug_ranges  0x00000000000000e0       0x20 /Users/Sean/Workspace/STM32F4/STM32F4_Templates/Barebones_MacOSX/lib/STM32F4xx_StdPeriph_Driver/libstdperiph.a(stm32f4xx_rcc.o)

.debug_line     0x0000000000000000      0xdb5
 .debug_line    0x0000000000000000      0x3d3 /Users/Sean/Workspace/STM32F4/STM32F4_Templates/Barebones_MacOSX/build/main.o
 .debug_line    0x00000000000003d3       0x68 /Users/Sean/Workspace/STM32F4/STM32F4_Templates/Barebones_MacOSX/build/startup_stm32f4xx.o
 .debug_line    0x000000000000043b      0x184 /Users/Sean/Workspace/STM32F4/STM32F4_Templates/Barebones_MacOSX/build/stm32f4xx_it.o
 .debug_line    0x00000000000005bf      0x222 /Users/Sean/Workspace/STM32F4/STM32F4_Templates/Barebones_MacOSX/build/system_stm32f4xx.o
 .debug_line    0x00000000000007e1      0x345 /Users/Sean/Workspace/STM32F4/STM32F4_Templates/Barebones_MacOSX/lib/STM32F4xx_StdPeriph_Driver/libstdperiph.a(stm32f4xx_rcc.o)
 .debug_line    0x0000000000000b26      0x28f /Users/Sean/Workspace/STM32F4/STM32F4_Templates/Barebones_MacOSX/lib/STM32F4xx_StdPeriph_Driver/libstdperiph.a(stm32f4xx_gpio.o)

.debug_str      0x0000000000000000     0x1531
 .debug_str     0x0000000000000000      0x9bb /Users/Sean/Workspace/STM32F4/STM32F4_Templates/Barebones_MacOSX/build/main.o
                                        0xa1b (size before relaxing)
 .debug_str     0x00000000000009bb       0xa0 /Users/Sean/Workspace/STM32F4/STM32F4_Templates/Barebones_MacOSX/build/startup_stm32f4xx.o
                                        0x190 (size before relaxing)
 .debug_str     0x0000000000000a5b       0x8f /Users/Sean/Workspace/STM32F4/STM32F4_Templates/Barebones_MacOSX/build/stm32f4xx_it.o
                                        0x21b (size before relaxing)
 .debug_str     0x0000000000000aea      0x170 /Users/Sean/Workspace/STM32F4/STM32F4_Templates/Barebones_MacOSX/build/system_stm32f4xx.o
                                        0x3e5 (size before relaxing)
 .debug_str     0x0000000000000c5a      0x773 /Users/Sean/Workspace/STM32F4/STM32F4_Templates/Barebones_MacOSX/lib/STM32F4xx_StdPeriph_Driver/libstdperiph.a(stm32f4xx_rcc.o)
                                        0x9c4 (size before relaxing)
 .debug_str     0x00000000000013cd      0x164 /Users/Sean/Workspace/STM32F4/STM32F4_Templates/Barebones_MacOSX/lib/STM32F4xx_StdPeriph_Driver/libstdperiph.a(stm32f4xx_gpio.o)
                                        0x4f6 (size before relaxing)

.comment        0x0000000000000000       0x70
 .comment       0x0000000000000000       0x70 /Users/Sean/Workspace/STM32F4/STM32F4_Templates/Barebones_MacOSX/build/main.o
                                         0x71 (size before relaxing)
 .comment       0x0000000000000000       0x71 /Users/Sean/Workspace/STM32F4/STM32F4_Templates/Barebones_MacOSX/build/startup_stm32f4xx.o
 .comment       0x0000000000000000       0x71 /Users/Sean/Workspace/STM32F4/STM32F4_Templates/Barebones_MacOSX/build/stm32f4xx_it.o
 .comment       0x0000000000000000       0x71 /Users/Sean/Workspace/STM32F4/STM32F4_Templates/Barebones_MacOSX/build/system_stm32f4xx.o
 .comment       0x0000000000000000       0x71 /Users/Sean/Workspace/STM32F4/STM32F4_Templates/Barebones_MacOSX/lib/STM32F4xx_StdPeriph_Driver/libstdperiph.a(stm32f4xx_rcc.o)
 .comment       0x0000000000000000       0x71 /Users/Sean/Workspace/STM32F4/STM32F4_Templates/Barebones_MacOSX/lib/STM32F4xx_StdPeriph_Driver/libstdperiph.a(stm32f4xx_gpio.o)

.ARM.attributes
                0x0000000000000000       0x31
 .ARM.attributes
                0x0000000000000000       0x33 /Users/Sean/Workspace/STM32F4/STM32F4_Templates/Barebones_MacOSX/build/main.o
 .ARM.attributes
                0x0000000000000033       0x33 /Users/Sean/Workspace/STM32F4/STM32F4_Templates/Barebones_MacOSX/build/startup_stm32f4xx.o
 .ARM.attributes
                0x0000000000000066       0x33 /Users/Sean/Workspace/STM32F4/STM32F4_Templates/Barebones_MacOSX/build/stm32f4xx_it.o
 .ARM.attributes
                0x0000000000000099       0x33 /Users/Sean/Workspace/STM32F4/STM32F4_Templates/Barebones_MacOSX/build/system_stm32f4xx.o
 .ARM.attributes
                0x00000000000000cc       0x33 /Users/Sean/Workspace/STM32F4/STM32F4_Templates/Barebones_MacOSX/lib/STM32F4xx_StdPeriph_Driver/libstdperiph.a(stm32f4xx_rcc.o)
 .ARM.attributes
                0x00000000000000ff       0x33 /Users/Sean/Workspace/STM32F4/STM32F4_Templates/Barebones_MacOSX/lib/STM32F4xx_StdPeriph_Driver/libstdperiph.a(stm32f4xx_gpio.o)

.debug_frame    0x0000000000000000      0x6a8
 .debug_frame   0x0000000000000000       0x9c /Users/Sean/Workspace/STM32F4/STM32F4_Templates/Barebones_MacOSX/build/main.o
 .debug_frame   0x000000000000009c       0x40 /Users/Sean/Workspace/STM32F4/STM32F4_Templates/Barebones_MacOSX/build/startup_stm32f4xx.o
 .debug_frame   0x00000000000000dc       0xa0 /Users/Sean/Workspace/STM32F4/STM32F4_Templates/Barebones_MacOSX/build/stm32f4xx_it.o
 .debug_frame   0x000000000000017c       0x3c /Users/Sean/Workspace/STM32F4/STM32F4_Templates/Barebones_MacOSX/build/system_stm32f4xx.o
 .debug_frame   0x00000000000001b8      0x37c /Users/Sean/Workspace/STM32F4/STM32F4_Templates/Barebones_MacOSX/lib/STM32F4xx_StdPeriph_Driver/libstdperiph.a(stm32f4xx_rcc.o)
 .debug_frame   0x0000000000000534      0x174 /Users/Sean/Workspace/STM32F4/STM32F4_Templates/Barebones_MacOSX/lib/STM32F4xx_StdPeriph_Driver/libstdperiph.a(stm32f4xx_gpio.o)

Cross Reference Table

Symbol                                            File
ADC_IRQHandler                                    /Users/Sean/Workspace/STM32F4/STM32F4_Templates/Barebones_MacOSX/build/startup_stm32f4xx.o
AHBPrescTable                                     /Users/Sean/Workspace/STM32F4/STM32F4_Templates/Barebones_MacOSX/build/system_stm32f4xx.o
BusFault_Handler                                  /Users/Sean/Workspace/STM32F4/STM32F4_Templates/Barebones_MacOSX/build/startup_stm32f4xx.o
CAN1_RX0_IRQHandler                               /Users/Sean/Workspace/STM32F4/STM32F4_Templates/Barebones_MacOSX/build/startup_stm32f4xx.o
CAN1_RX1_IRQHandler                               /Users/Sean/Workspace/STM32F4/STM32F4_Templates/Barebones_MacOSX/build/startup_stm32f4xx.o
CAN1_SCE_IRQHandler                               /Users/Sean/Workspace/STM32F4/STM32F4_Templates/Barebones_MacOSX/build/startup_stm32f4xx.o
CAN1_TX_IRQHandler                                /Users/Sean/Workspace/STM32F4/STM32F4_Templates/Barebones_MacOSX/build/startup_stm32f4xx.o
CAN2_RX0_IRQHandler                               /Users/Sean/Workspace/STM32F4/STM32F4_Templates/Barebones_MacOSX/build/startup_stm32f4xx.o
CAN2_RX1_IRQHandler                               /Users/Sean/Workspace/STM32F4/STM32F4_Templates/Barebones_MacOSX/build/startup_stm32f4xx.o
CAN2_SCE_IRQHandler                               /Users/Sean/Workspace/STM32F4/STM32F4_Templates/Barebones_MacOSX/build/startup_stm32f4xx.o
CAN2_TX_IRQHandler                                /Users/Sean/Workspace/STM32F4/STM32F4_Templates/Barebones_MacOSX/build/startup_stm32f4xx.o
CRYP_IRQHandler                                   /Users/Sean/Workspace/STM32F4/STM32F4_Templates/Barebones_MacOSX/build/startup_stm32f4xx.o
DCMI_IRQHandler                                   /Users/Sean/Workspace/STM32F4/STM32F4_Templates/Barebones_MacOSX/build/startup_stm32f4xx.o
DMA1_Stream0_IRQHandler                           /Users/Sean/Workspace/STM32F4/STM32F4_Templates/Barebones_MacOSX/build/startup_stm32f4xx.o
DMA1_Stream1_IRQHandler                           /Users/Sean/Workspace/STM32F4/STM32F4_Templates/Barebones_MacOSX/build/startup_stm32f4xx.o
DMA1_Stream2_IRQHandler                           /Users/Sean/Workspace/STM32F4/STM32F4_Templates/Barebones_MacOSX/build/startup_stm32f4xx.o
DMA1_Stream3_IRQHandler                           /Users/Sean/Workspace/STM32F4/STM32F4_Templates/Barebones_MacOSX/build/startup_stm32f4xx.o
DMA1_Stream4_IRQHandler                           /Users/Sean/Workspace/STM32F4/STM32F4_Templates/Barebones_MacOSX/build/startup_stm32f4xx.o
DMA1_Stream5_IRQHandler                           /Users/Sean/Workspace/STM32F4/STM32F4_Templates/Barebones_MacOSX/build/startup_stm32f4xx.o
DMA1_Stream6_IRQHandler                           /Users/Sean/Workspace/STM32F4/STM32F4_Templates/Barebones_MacOSX/build/startup_stm32f4xx.o
DMA1_Stream7_IRQHandler                           /Users/Sean/Workspace/STM32F4/STM32F4_Templates/Barebones_MacOSX/build/startup_stm32f4xx.o
DMA2_Stream0_IRQHandler                           /Users/Sean/Workspace/STM32F4/STM32F4_Templates/Barebones_MacOSX/build/startup_stm32f4xx.o
DMA2_Stream1_IRQHandler                           /Users/Sean/Workspace/STM32F4/STM32F4_Templates/Barebones_MacOSX/build/startup_stm32f4xx.o
DMA2_Stream2_IRQHandler                           /Users/Sean/Workspace/STM32F4/STM32F4_Templates/Barebones_MacOSX/build/startup_stm32f4xx.o
DMA2_Stream3_IRQHandler                           /Users/Sean/Workspace/STM32F4/STM32F4_Templates/Barebones_MacOSX/build/startup_stm32f4xx.o
DMA2_Stream4_IRQHandler                           /Users/Sean/Workspace/STM32F4/STM32F4_Templates/Barebones_MacOSX/build/startup_stm32f4xx.o
DMA2_Stream5_IRQHandler                           /Users/Sean/Workspace/STM32F4/STM32F4_Templates/Barebones_MacOSX/build/startup_stm32f4xx.o
DMA2_Stream6_IRQHandler                           /Users/Sean/Workspace/STM32F4/STM32F4_Templates/Barebones_MacOSX/build/startup_stm32f4xx.o
DMA2_Stream7_IRQHandler                           /Users/Sean/Workspace/STM32F4/STM32F4_Templates/Barebones_MacOSX/build/startup_stm32f4xx.o
DebugMon_Handler                                  /Users/Sean/Workspace/STM32F4/STM32F4_Templates/Barebones_MacOSX/build/startup_stm32f4xx.o
Default_Handler                                   /Users/Sean/Workspace/STM32F4/STM32F4_Templates/Barebones_MacOSX/build/startup_stm32f4xx.o
ETH_IRQHandler                                    /Users/Sean/Workspace/STM32F4/STM32F4_Templates/Barebones_MacOSX/build/startup_stm32f4xx.o
ETH_WKUP_IRQHandler                               /Users/Sean/Workspace/STM32F4/STM32F4_Templates/Barebones_MacOSX/build/startup_stm32f4xx.o
EXTI0_IRQHandler                                  /Users/Sean/Workspace/STM32F4/STM32F4_Templates/Barebones_MacOSX/build/startup_stm32f4xx.o
EXTI15_10_IRQHandler                              /Users/Sean/Workspace/STM32F4/STM32F4_Templates/Barebones_MacOSX/build/startup_stm32f4xx.o
EXTI1_IRQHandler                                  /Users/Sean/Workspace/STM32F4/STM32F4_Templates/Barebones_MacOSX/build/startup_stm32f4xx.o
EXTI2_IRQHandler                                  /Users/Sean/Workspace/STM32F4/STM32F4_Templates/Barebones_MacOSX/build/startup_stm32f4xx.o
EXTI3_IRQHandler                                  /Users/Sean/Workspace/STM32F4/STM32F4_Templates/Barebones_MacOSX/build/startup_stm32f4xx.o
EXTI4_IRQHandler                                  /Users/Sean/Workspace/STM32F4/STM32F4_Templates/Barebones_MacOSX/build/startup_stm32f4xx.o
EXTI9_5_IRQHandler                                /Users/Sean/Workspace/STM32F4/STM32F4_Templates/Barebones_MacOSX/build/startup_stm32f4xx.o
FLASH_IRQHandler                                  /Users/Sean/Workspace/STM32F4/STM32F4_Templates/Barebones_MacOSX/build/startup_stm32f4xx.o
FPU_IRQHandler                                    /Users/Sean/Workspace/STM32F4/STM32F4_Templates/Barebones_MacOSX/build/startup_stm32f4xx.o
FSMC_IRQHandler                                   /Users/Sean/Workspace/STM32F4/STM32F4_Templates/Barebones_MacOSX/build/startup_stm32f4xx.o
GPIO_DeInit                                       /Users/Sean/Workspace/STM32F4/STM32F4_Templates/Barebones_MacOSX/lib/STM32F4xx_StdPeriph_Driver/libstdperiph.a(stm32f4xx_gpio.o)
GPIO_Init                                         /Users/Sean/Workspace/STM32F4/STM32F4_Templates/Barebones_MacOSX/lib/STM32F4xx_StdPeriph_Driver/libstdperiph.a(stm32f4xx_gpio.o)
                                                  /Users/Sean/Workspace/STM32F4/STM32F4_Templates/Barebones_MacOSX/build/main.o
GPIO_PinAFConfig                                  /Users/Sean/Workspace/STM32F4/STM32F4_Templates/Barebones_MacOSX/lib/STM32F4xx_StdPeriph_Driver/libstdperiph.a(stm32f4xx_gpio.o)
GPIO_PinLockConfig                                /Users/Sean/Workspace/STM32F4/STM32F4_Templates/Barebones_MacOSX/lib/STM32F4xx_StdPeriph_Driver/libstdperiph.a(stm32f4xx_gpio.o)
GPIO_ReadInputData                                /Users/Sean/Workspace/STM32F4/STM32F4_Templates/Barebones_MacOSX/lib/STM32F4xx_StdPeriph_Driver/libstdperiph.a(stm32f4xx_gpio.o)
GPIO_ReadInputDataBit                             /Users/Sean/Workspace/STM32F4/STM32F4_Templates/Barebones_MacOSX/lib/STM32F4xx_StdPeriph_Driver/libstdperiph.a(stm32f4xx_gpio.o)
GPIO_ReadOutputData                               /Users/Sean/Workspace/STM32F4/STM32F4_Templates/Barebones_MacOSX/lib/STM32F4xx_StdPeriph_Driver/libstdperiph.a(stm32f4xx_gpio.o)
GPIO_ReadOutputDataBit                            /Users/Sean/Workspace/STM32F4/STM32F4_Templates/Barebones_MacOSX/lib/STM32F4xx_StdPeriph_Driver/libstdperiph.a(stm32f4xx_gpio.o)
GPIO_ResetBits                                    /Users/Sean/Workspace/STM32F4/STM32F4_Templates/Barebones_MacOSX/lib/STM32F4xx_StdPeriph_Driver/libstdperiph.a(stm32f4xx_gpio.o)
GPIO_SetBits                                      /Users/Sean/Workspace/STM32F4/STM32F4_Templates/Barebones_MacOSX/lib/STM32F4xx_StdPeriph_Driver/libstdperiph.a(stm32f4xx_gpio.o)
GPIO_StructInit                                   /Users/Sean/Workspace/STM32F4/STM32F4_Templates/Barebones_MacOSX/lib/STM32F4xx_StdPeriph_Driver/libstdperiph.a(stm32f4xx_gpio.o)
GPIO_ToggleBits                                   /Users/Sean/Workspace/STM32F4/STM32F4_Templates/Barebones_MacOSX/lib/STM32F4xx_StdPeriph_Driver/libstdperiph.a(stm32f4xx_gpio.o)
GPIO_Write                                        /Users/Sean/Workspace/STM32F4/STM32F4_Templates/Barebones_MacOSX/lib/STM32F4xx_StdPeriph_Driver/libstdperiph.a(stm32f4xx_gpio.o)
GPIO_WriteBit                                     /Users/Sean/Workspace/STM32F4/STM32F4_Templates/Barebones_MacOSX/lib/STM32F4xx_StdPeriph_Driver/libstdperiph.a(stm32f4xx_gpio.o)
HASH_RNG_IRQHandler                               /Users/Sean/Workspace/STM32F4/STM32F4_Templates/Barebones_MacOSX/build/startup_stm32f4xx.o
HardFault_Handler                                 /Users/Sean/Workspace/STM32F4/STM32F4_Templates/Barebones_MacOSX/build/stm32f4xx_it.o
                                                  /Users/Sean/Workspace/STM32F4/STM32F4_Templates/Barebones_MacOSX/build/startup_stm32f4xx.o
I2C1_ER_IRQHandler                                /Users/Sean/Workspace/STM32F4/STM32F4_Templates/Barebones_MacOSX/build/startup_stm32f4xx.o
I2C1_EV_IRQHandler                                /Users/Sean/Workspace/STM32F4/STM32F4_Templates/Barebones_MacOSX/build/startup_stm32f4xx.o
I2C2_ER_IRQHandler                                /Users/Sean/Workspace/STM32F4/STM32F4_Templates/Barebones_MacOSX/build/startup_stm32f4xx.o
I2C2_EV_IRQHandler                                /Users/Sean/Workspace/STM32F4/STM32F4_Templates/Barebones_MacOSX/build/startup_stm32f4xx.o
I2C3_ER_IRQHandler                                /Users/Sean/Workspace/STM32F4/STM32F4_Templates/Barebones_MacOSX/build/startup_stm32f4xx.o
I2C3_EV_IRQHandler                                /Users/Sean/Workspace/STM32F4/STM32F4_Templates/Barebones_MacOSX/build/startup_stm32f4xx.o
MemManage_Handler                                 /Users/Sean/Workspace/STM32F4/STM32F4_Templates/Barebones_MacOSX/build/startup_stm32f4xx.o
NMI_Handler                                       /Users/Sean/Workspace/STM32F4/STM32F4_Templates/Barebones_MacOSX/build/stm32f4xx_it.o
                                                  /Users/Sean/Workspace/STM32F4/STM32F4_Templates/Barebones_MacOSX/build/startup_stm32f4xx.o
OTG_FS_IRQHandler                                 /Users/Sean/Workspace/STM32F4/STM32F4_Templates/Barebones_MacOSX/build/startup_stm32f4xx.o
OTG_FS_WKUP_IRQHandler                            /Users/Sean/Workspace/STM32F4/STM32F4_Templates/Barebones_MacOSX/build/startup_stm32f4xx.o
OTG_HS_EP1_IN_IRQHandler                          /Users/Sean/Workspace/STM32F4/STM32F4_Templates/Barebones_MacOSX/build/startup_stm32f4xx.o
OTG_HS_EP1_OUT_IRQHandler                         /Users/Sean/Workspace/STM32F4/STM32F4_Templates/Barebones_MacOSX/build/startup_stm32f4xx.o
OTG_HS_IRQHandler                                 /Users/Sean/Workspace/STM32F4/STM32F4_Templates/Barebones_MacOSX/build/startup_stm32f4xx.o
OTG_HS_WKUP_IRQHandler                            /Users/Sean/Workspace/STM32F4/STM32F4_Templates/Barebones_MacOSX/build/startup_stm32f4xx.o
PVD_IRQHandler                                    /Users/Sean/Workspace/STM32F4/STM32F4_Templates/Barebones_MacOSX/build/startup_stm32f4xx.o
PendSV_Handler                                    /Users/Sean/Workspace/STM32F4/STM32F4_Templates/Barebones_MacOSX/build/startup_stm32f4xx.o
RCC_AHB1PeriphClockCmd                            /Users/Sean/Workspace/STM32F4/STM32F4_Templates/Barebones_MacOSX/lib/STM32F4xx_StdPeriph_Driver/libstdperiph.a(stm32f4xx_rcc.o)
                                                  /Users/Sean/Workspace/STM32F4/STM32F4_Templates/Barebones_MacOSX/build/main.o
RCC_AHB1PeriphClockLPModeCmd                      /Users/Sean/Workspace/STM32F4/STM32F4_Templates/Barebones_MacOSX/lib/STM32F4xx_StdPeriph_Driver/libstdperiph.a(stm32f4xx_rcc.o)
RCC_AHB1PeriphResetCmd                            /Users/Sean/Workspace/STM32F4/STM32F4_Templates/Barebones_MacOSX/lib/STM32F4xx_StdPeriph_Driver/libstdperiph.a(stm32f4xx_rcc.o)
                                                  /Users/Sean/Workspace/STM32F4/STM32F4_Templates/Barebones_MacOSX/lib/STM32F4xx_StdPeriph_Driver/libstdperiph.a(stm32f4xx_gpio.o)
RCC_AHB2PeriphClockCmd                            /Users/Sean/Workspace/STM32F4/STM32F4_Templates/Barebones_MacOSX/lib/STM32F4xx_StdPeriph_Driver/libstdperiph.a(stm32f4xx_rcc.o)
RCC_AHB2PeriphClockLPModeCmd                      /Users/Sean/Workspace/STM32F4/STM32F4_Templates/Barebones_MacOSX/lib/STM32F4xx_StdPeriph_Driver/libstdperiph.a(stm32f4xx_rcc.o)
RCC_AHB2PeriphResetCmd                            /Users/Sean/Workspace/STM32F4/STM32F4_Templates/Barebones_MacOSX/lib/STM32F4xx_StdPeriph_Driver/libstdperiph.a(stm32f4xx_rcc.o)
RCC_AHB3PeriphClockCmd                            /Users/Sean/Workspace/STM32F4/STM32F4_Templates/Barebones_MacOSX/lib/STM32F4xx_StdPeriph_Driver/libstdperiph.a(stm32f4xx_rcc.o)
RCC_AHB3PeriphClockLPModeCmd                      /Users/Sean/Workspace/STM32F4/STM32F4_Templates/Barebones_MacOSX/lib/STM32F4xx_StdPeriph_Driver/libstdperiph.a(stm32f4xx_rcc.o)
RCC_AHB3PeriphResetCmd                            /Users/Sean/Workspace/STM32F4/STM32F4_Templates/Barebones_MacOSX/lib/STM32F4xx_StdPeriph_Driver/libstdperiph.a(stm32f4xx_rcc.o)
RCC_APB1PeriphClockCmd                            /Users/Sean/Workspace/STM32F4/STM32F4_Templates/Barebones_MacOSX/lib/STM32F4xx_StdPeriph_Driver/libstdperiph.a(stm32f4xx_rcc.o)
RCC_APB1PeriphClockLPModeCmd                      /Users/Sean/Workspace/STM32F4/STM32F4_Templates/Barebones_MacOSX/lib/STM32F4xx_StdPeriph_Driver/libstdperiph.a(stm32f4xx_rcc.o)
RCC_APB1PeriphResetCmd                            /Users/Sean/Workspace/STM32F4/STM32F4_Templates/Barebones_MacOSX/lib/STM32F4xx_StdPeriph_Driver/libstdperiph.a(stm32f4xx_rcc.o)
RCC_APB2PeriphClockCmd                            /Users/Sean/Workspace/STM32F4/STM32F4_Templates/Barebones_MacOSX/lib/STM32F4xx_StdPeriph_Driver/libstdperiph.a(stm32f4xx_rcc.o)
RCC_APB2PeriphClockLPModeCmd                      /Users/Sean/Workspace/STM32F4/STM32F4_Templates/Barebones_MacOSX/lib/STM32F4xx_StdPeriph_Driver/libstdperiph.a(stm32f4xx_rcc.o)
RCC_APB2PeriphResetCmd                            /Users/Sean/Workspace/STM32F4/STM32F4_Templates/Barebones_MacOSX/lib/STM32F4xx_StdPeriph_Driver/libstdperiph.a(stm32f4xx_rcc.o)
RCC_AdjustHSICalibrationValue                     /Users/Sean/Workspace/STM32F4/STM32F4_Templates/Barebones_MacOSX/lib/STM32F4xx_StdPeriph_Driver/libstdperiph.a(stm32f4xx_rcc.o)
RCC_BackupResetCmd                                /Users/Sean/Workspace/STM32F4/STM32F4_Templates/Barebones_MacOSX/lib/STM32F4xx_StdPeriph_Driver/libstdperiph.a(stm32f4xx_rcc.o)
RCC_ClearFlag                                     /Users/Sean/Workspace/STM32F4/STM32F4_Templates/Barebones_MacOSX/lib/STM32F4xx_StdPeriph_Driver/libstdperiph.a(stm32f4xx_rcc.o)
RCC_ClearITPendingBit                             /Users/Sean/Workspace/STM32F4/STM32F4_Templates/Barebones_MacOSX/lib/STM32F4xx_StdPeriph_Driver/libstdperiph.a(stm32f4xx_rcc.o)
RCC_ClockSecuritySystemCmd                        /Users/Sean/Workspace/STM32F4/STM32F4_Templates/Barebones_MacOSX/lib/STM32F4xx_StdPeriph_Driver/libstdperiph.a(stm32f4xx_rcc.o)
RCC_DeInit                                        /Users/Sean/Workspace/STM32F4/STM32F4_Templates/Barebones_MacOSX/lib/STM32F4xx_StdPeriph_Driver/libstdperiph.a(stm32f4xx_rcc.o)
RCC_GetClocksFreq                                 /Users/Sean/Workspace/STM32F4/STM32F4_Templates/Barebones_MacOSX/lib/STM32F4xx_StdPeriph_Driver/libstdperiph.a(stm32f4xx_rcc.o)
RCC_GetFlagStatus                                 /Users/Sean/Workspace/STM32F4/STM32F4_Templates/Barebones_MacOSX/lib/STM32F4xx_StdPeriph_Driver/libstdperiph.a(stm32f4xx_rcc.o)
RCC_GetITStatus                                   /Users/Sean/Workspace/STM32F4/STM32F4_Templates/Barebones_MacOSX/lib/STM32F4xx_StdPeriph_Driver/libstdperiph.a(stm32f4xx_rcc.o)
RCC_GetSYSCLKSource                               /Users/Sean/Workspace/STM32F4/STM32F4_Templates/Barebones_MacOSX/lib/STM32F4xx_StdPeriph_Driver/libstdperiph.a(stm32f4xx_rcc.o)
RCC_HCLKConfig                                    /Users/Sean/Workspace/STM32F4/STM32F4_Templates/Barebones_MacOSX/lib/STM32F4xx_StdPeriph_Driver/libstdperiph.a(stm32f4xx_rcc.o)
RCC_HSEConfig                                     /Users/Sean/Workspace/STM32F4/STM32F4_Templates/Barebones_MacOSX/lib/STM32F4xx_StdPeriph_Driver/libstdperiph.a(stm32f4xx_rcc.o)
RCC_HSICmd                                        /Users/Sean/Workspace/STM32F4/STM32F4_Templates/Barebones_MacOSX/lib/STM32F4xx_StdPeriph_Driver/libstdperiph.a(stm32f4xx_rcc.o)
RCC_I2SCLKConfig                                  /Users/Sean/Workspace/STM32F4/STM32F4_Templates/Barebones_MacOSX/lib/STM32F4xx_StdPeriph_Driver/libstdperiph.a(stm32f4xx_rcc.o)
RCC_IRQHandler                                    /Users/Sean/Workspace/STM32F4/STM32F4_Templates/Barebones_MacOSX/build/startup_stm32f4xx.o
RCC_ITConfig                                      /Users/Sean/Workspace/STM32F4/STM32F4_Templates/Barebones_MacOSX/lib/STM32F4xx_StdPeriph_Driver/libstdperiph.a(stm32f4xx_rcc.o)
RCC_LSEConfig                                     /Users/Sean/Workspace/STM32F4/STM32F4_Templates/Barebones_MacOSX/lib/STM32F4xx_StdPeriph_Driver/libstdperiph.a(stm32f4xx_rcc.o)
RCC_LSICmd                                        /Users/Sean/Workspace/STM32F4/STM32F4_Templates/Barebones_MacOSX/lib/STM32F4xx_StdPeriph_Driver/libstdperiph.a(stm32f4xx_rcc.o)
RCC_LTDCCLKDivConfig                              /Users/Sean/Workspace/STM32F4/STM32F4_Templates/Barebones_MacOSX/lib/STM32F4xx_StdPeriph_Driver/libstdperiph.a(stm32f4xx_rcc.o)
RCC_MCO1Config                                    /Users/Sean/Workspace/STM32F4/STM32F4_Templates/Barebones_MacOSX/lib/STM32F4xx_StdPeriph_Driver/libstdperiph.a(stm32f4xx_rcc.o)
RCC_MCO2Config                                    /Users/Sean/Workspace/STM32F4/STM32F4_Templates/Barebones_MacOSX/lib/STM32F4xx_StdPeriph_Driver/libstdperiph.a(stm32f4xx_rcc.o)
RCC_PCLK1Config                                   /Users/Sean/Workspace/STM32F4/STM32F4_Templates/Barebones_MacOSX/lib/STM32F4xx_StdPeriph_Driver/libstdperiph.a(stm32f4xx_rcc.o)
RCC_PCLK2Config                                   /Users/Sean/Workspace/STM32F4/STM32F4_Templates/Barebones_MacOSX/lib/STM32F4xx_StdPeriph_Driver/libstdperiph.a(stm32f4xx_rcc.o)
RCC_PLLCmd                                        /Users/Sean/Workspace/STM32F4/STM32F4_Templates/Barebones_MacOSX/lib/STM32F4xx_StdPeriph_Driver/libstdperiph.a(stm32f4xx_rcc.o)
RCC_PLLConfig                                     /Users/Sean/Workspace/STM32F4/STM32F4_Templates/Barebones_MacOSX/lib/STM32F4xx_StdPeriph_Driver/libstdperiph.a(stm32f4xx_rcc.o)
RCC_PLLI2SCmd                                     /Users/Sean/Workspace/STM32F4/STM32F4_Templates/Barebones_MacOSX/lib/STM32F4xx_StdPeriph_Driver/libstdperiph.a(stm32f4xx_rcc.o)
RCC_PLLI2SConfig                                  /Users/Sean/Workspace/STM32F4/STM32F4_Templates/Barebones_MacOSX/lib/STM32F4xx_StdPeriph_Driver/libstdperiph.a(stm32f4xx_rcc.o)
RCC_PLLSAICmd                                     /Users/Sean/Workspace/STM32F4/STM32F4_Templates/Barebones_MacOSX/lib/STM32F4xx_StdPeriph_Driver/libstdperiph.a(stm32f4xx_rcc.o)
RCC_PLLSAIConfig                                  /Users/Sean/Workspace/STM32F4/STM32F4_Templates/Barebones_MacOSX/lib/STM32F4xx_StdPeriph_Driver/libstdperiph.a(stm32f4xx_rcc.o)
RCC_RTCCLKCmd                                     /Users/Sean/Workspace/STM32F4/STM32F4_Templates/Barebones_MacOSX/lib/STM32F4xx_StdPeriph_Driver/libstdperiph.a(stm32f4xx_rcc.o)
RCC_RTCCLKConfig                                  /Users/Sean/Workspace/STM32F4/STM32F4_Templates/Barebones_MacOSX/lib/STM32F4xx_StdPeriph_Driver/libstdperiph.a(stm32f4xx_rcc.o)
RCC_SAIBlockACLKConfig                            /Users/Sean/Workspace/STM32F4/STM32F4_Templates/Barebones_MacOSX/lib/STM32F4xx_StdPeriph_Driver/libstdperiph.a(stm32f4xx_rcc.o)
RCC_SAIBlockBCLKConfig                            /Users/Sean/Workspace/STM32F4/STM32F4_Templates/Barebones_MacOSX/lib/STM32F4xx_StdPeriph_Driver/libstdperiph.a(stm32f4xx_rcc.o)
RCC_SAIPLLI2SClkDivConfig                         /Users/Sean/Workspace/STM32F4/STM32F4_Templates/Barebones_MacOSX/lib/STM32F4xx_StdPeriph_Driver/libstdperiph.a(stm32f4xx_rcc.o)
RCC_SAIPLLSAIClkDivConfig                         /Users/Sean/Workspace/STM32F4/STM32F4_Templates/Barebones_MacOSX/lib/STM32F4xx_StdPeriph_Driver/libstdperiph.a(stm32f4xx_rcc.o)
RCC_SYSCLKConfig                                  /Users/Sean/Workspace/STM32F4/STM32F4_Templates/Barebones_MacOSX/lib/STM32F4xx_StdPeriph_Driver/libstdperiph.a(stm32f4xx_rcc.o)
RCC_TIMCLKPresConfig                              /Users/Sean/Workspace/STM32F4/STM32F4_Templates/Barebones_MacOSX/lib/STM32F4xx_StdPeriph_Driver/libstdperiph.a(stm32f4xx_rcc.o)
RCC_WaitForHSEStartUp                             /Users/Sean/Workspace/STM32F4/STM32F4_Templates/Barebones_MacOSX/lib/STM32F4xx_StdPeriph_Driver/libstdperiph.a(stm32f4xx_rcc.o)
RTC_Alarm_IRQHandler                              /Users/Sean/Workspace/STM32F4/STM32F4_Templates/Barebones_MacOSX/build/startup_stm32f4xx.o
RTC_WKUP_IRQHandler                               /Users/Sean/Workspace/STM32F4/STM32F4_Templates/Barebones_MacOSX/build/startup_stm32f4xx.o
Reset_Handler                                     /Users/Sean/Workspace/STM32F4/STM32F4_Templates/Barebones_MacOSX/build/startup_stm32f4xx.o
SDIO_IRQHandler                                   /Users/Sean/Workspace/STM32F4/STM32F4_Templates/Barebones_MacOSX/build/startup_stm32f4xx.o
SPI1_IRQHandler                                   /Users/Sean/Workspace/STM32F4/STM32F4_Templates/Barebones_MacOSX/build/startup_stm32f4xx.o
SPI2_IRQHandler                                   /Users/Sean/Workspace/STM32F4/STM32F4_Templates/Barebones_MacOSX/build/startup_stm32f4xx.o
SPI3_IRQHandler                                   /Users/Sean/Workspace/STM32F4/STM32F4_Templates/Barebones_MacOSX/build/startup_stm32f4xx.o
SVC_Handler                                       /Users/Sean/Workspace/STM32F4/STM32F4_Templates/Barebones_MacOSX/build/startup_stm32f4xx.o
SysTick_Handler                                   /Users/Sean/Workspace/STM32F4/STM32F4_Templates/Barebones_MacOSX/build/main.o
SystemCoreClock                                   /Users/Sean/Workspace/STM32F4/STM32F4_Templates/Barebones_MacOSX/build/system_stm32f4xx.o
                                                  /Users/Sean/Workspace/STM32F4/STM32F4_Templates/Barebones_MacOSX/build/main.o
SystemCoreClockUpdate                             /Users/Sean/Workspace/STM32F4/STM32F4_Templates/Barebones_MacOSX/build/system_stm32f4xx.o
SystemInit                                        /Users/Sean/Workspace/STM32F4/STM32F4_Templates/Barebones_MacOSX/build/system_stm32f4xx.o
                                                  /Users/Sean/Workspace/STM32F4/STM32F4_Templates/Barebones_MacOSX/build/startup_stm32f4xx.o
TAMP_STAMP_IRQHandler                             /Users/Sean/Workspace/STM32F4/STM32F4_Templates/Barebones_MacOSX/build/startup_stm32f4xx.o
TIM1_BRK_TIM9_IRQHandler                          /Users/Sean/Workspace/STM32F4/STM32F4_Templates/Barebones_MacOSX/build/startup_stm32f4xx.o
TIM1_CC_IRQHandler                                /Users/Sean/Workspace/STM32F4/STM32F4_Templates/Barebones_MacOSX/build/startup_stm32f4xx.o
TIM1_TRG_COM_TIM11_IRQHandler                     /Users/Sean/Workspace/STM32F4/STM32F4_Templates/Barebones_MacOSX/build/startup_stm32f4xx.o
TIM1_UP_TIM10_IRQHandler                          /Users/Sean/Workspace/STM32F4/STM32F4_Templates/Barebones_MacOSX/build/startup_stm32f4xx.o
TIM2_IRQHandler                                   /Users/Sean/Workspace/STM32F4/STM32F4_Templates/Barebones_MacOSX/build/startup_stm32f4xx.o
TIM3_IRQHandler                                   /Users/Sean/Workspace/STM32F4/STM32F4_Templates/Barebones_MacOSX/build/startup_stm32f4xx.o
TIM4_IRQHandler                                   /Users/Sean/Workspace/STM32F4/STM32F4_Templates/Barebones_MacOSX/build/startup_stm32f4xx.o
TIM5_IRQHandler                                   /Users/Sean/Workspace/STM32F4/STM32F4_Templates/Barebones_MacOSX/build/startup_stm32f4xx.o
TIM6_DAC_IRQHandler                               /Users/Sean/Workspace/STM32F4/STM32F4_Templates/Barebones_MacOSX/build/startup_stm32f4xx.o
TIM7_IRQHandler                                   /Users/Sean/Workspace/STM32F4/STM32F4_Templates/Barebones_MacOSX/build/startup_stm32f4xx.o
TIM8_BRK_TIM12_IRQHandler                         /Users/Sean/Workspace/STM32F4/STM32F4_Templates/Barebones_MacOSX/build/startup_stm32f4xx.o
TIM8_CC_IRQHandler                                /Users/Sean/Workspace/STM32F4/STM32F4_Templates/Barebones_MacOSX/build/startup_stm32f4xx.o
TIM8_TRG_COM_TIM14_IRQHandler                     /Users/Sean/Workspace/STM32F4/STM32F4_Templates/Barebones_MacOSX/build/startup_stm32f4xx.o
TIM8_UP_TIM13_IRQHandler                          /Users/Sean/Workspace/STM32F4/STM32F4_Templates/Barebones_MacOSX/build/startup_stm32f4xx.o
UART4_IRQHandler                                  /Users/Sean/Workspace/STM32F4/STM32F4_Templates/Barebones_MacOSX/build/startup_stm32f4xx.o
UART5_IRQHandler                                  /Users/Sean/Workspace/STM32F4/STM32F4_Templates/Barebones_MacOSX/build/startup_stm32f4xx.o
USART1_IRQHandler                                 /Users/Sean/Workspace/STM32F4/STM32F4_Templates/Barebones_MacOSX/build/startup_stm32f4xx.o
USART2_IRQHandler                                 /Users/Sean/Workspace/STM32F4/STM32F4_Templates/Barebones_MacOSX/build/startup_stm32f4xx.o
USART3_IRQHandler                                 /Users/Sean/Workspace/STM32F4/STM32F4_Templates/Barebones_MacOSX/build/startup_stm32f4xx.o
USART6_IRQHandler                                 /Users/Sean/Workspace/STM32F4/STM32F4_Templates/Barebones_MacOSX/build/startup_stm32f4xx.o
UsageFault_Handler                                /Users/Sean/Workspace/STM32F4/STM32F4_Templates/Barebones_MacOSX/build/startup_stm32f4xx.o
WWDG_IRQHandler                                   /Users/Sean/Workspace/STM32F4/STM32F4_Templates/Barebones_MacOSX/build/startup_stm32f4xx.o
__bss_end__                                       /Users/Sean/Workspace/STM32F4/STM32F4_Templates/Barebones_MacOSX/build/startup_stm32f4xx.o
__bss_start__                                     /Users/Sean/Workspace/STM32F4/STM32F4_Templates/Barebones_MacOSX/build/startup_stm32f4xx.o
__data_end__                                      /Users/Sean/Workspace/STM32F4/STM32F4_Templates/Barebones_MacOSX/build/startup_stm32f4xx.o
__data_start__                                    /Users/Sean/Workspace/STM32F4/STM32F4_Templates/Barebones_MacOSX/build/startup_stm32f4xx.o
__sidata                                          /Users/Sean/Workspace/STM32F4/STM32F4_Templates/Barebones_MacOSX/build/startup_stm32f4xx.o
_estack                                           /Users/Sean/Workspace/STM32F4/STM32F4_Templates/Barebones_MacOSX/build/startup_stm32f4xx.o
g_pfnVectors                                      /Users/Sean/Workspace/STM32F4/STM32F4_Templates/Barebones_MacOSX/build/startup_stm32f4xx.o
init_GPIO                                         /Users/Sean/Workspace/STM32F4/STM32F4_Templates/Barebones_MacOSX/build/main.o
init_GPIOA                                        /Users/Sean/Workspace/STM32F4/STM32F4_Templates/Barebones_MacOSX/build/main.o
main                                              /Users/Sean/Workspace/STM32F4/STM32F4_Templates/Barebones_MacOSX/build/main.o
                                                  /Users/Sean/Workspace/STM32F4/STM32F4_Templates/Barebones_MacOSX/build/startup_stm32f4xx.o
msTicks                                           /Users/Sean/Workspace/STM32F4/STM32F4_Templates/Barebones_MacOSX/build/main.o
setSysTick                                        /Users/Sean/Workspace/STM32F4/STM32F4_Templates/Barebones_MacOSX/build/main.o
turnOffLED                                        /Users/Sean/Workspace/STM32F4/STM32F4_Templates/Barebones_MacOSX/build/CortexM4asmOps.o
turnOnLED                                         /Users/Sean/Workspace/STM32F4/STM32F4_Templates/Barebones_MacOSX/build/CortexM4asmOps.o
